defines.c:4:15: error: Trying to look up identifier FOO, but no such identifier is in scope.

    Syntax error (SE-CID1):
        see C11 section 6.5.1:2 http://rvdoc.org/C11/6.5.1
        see CERT-C section DCL31-C http://rvdoc.org/CERT-C/DCL31-C

Translation failed (kcc_config dumped). To repeat, run this command in directory unit-fail-compilation:
