j008e.c:1:1: error: Declaration for x appears with multiple storage class specifiers.
  Constraint violation (CV-TDG2).
   see C11 section 6.7.1:2 http://rvdoc.org/C11/6.7.1
   see CERT-C section MSC40-C http://rvdoc.org/CERT-C/MSC40-C
Translation failed (config dumped). Run kcc -d -Werror -Wfatal-errors j008e.c to see commands run.
