File: j016d.c
Line: 6
Error: UB-TTE1
Description: program requires the formation of a composite type from a variable length array type whose size is specified by an expression that is not evaluated (in an argument to sizeof).
Type: Undefined behavior.
See also: C11 sec. 6.2.7:3, J.2:1 item 16
Translation failed. Run kcc -d j016d.c to see commands run.
