j089a.c:1:1: error: Declaration for an object is a tentative definition with internal linkage and has an incomplete type.
  Undefined behavior (UB-TDG12).
   see C11 section 6.9.2:3 http://rvdoc.org/C11/6.9.2
   see C11 section J.2:1 item 89 http://rvdoc.org/C11/J.2
   see CERT-C section MSC15-C http://rvdoc.org/CERT-C/MSC15-C
Translation failed (config dumped). Run kcc -d -Werror -Wfatal-errors j089a.c to see commands run.
