j501b.c:5:2: error: Trying to write through a const lvalue.
  Constraint violation (CV-TEAS6).
   see C11 section 6.5.16:2 http://rvdoc.org/C11/6.5.16
   see CERT-C section MSC40-C http://rvdoc.org/CERT-C/MSC40-C
Translation failed (config dumped). Run kcc -d -Werror -Wfatal-errors j501b.c to see commands run.
