j506a.c:12:2: error: Attempting to access member but it does not exist.
  Constraint violation (CV-CEM3).
   see C11 section 6.5.2.3:1 http://rvdoc.org/C11/6.5.2.3
   see CERT-C section MSC40-C http://rvdoc.org/CERT-C/MSC40-C
Translation failed (config dumped). Run kcc -d j506a.c to see commands run.
