static-assert.c:1:16: error: Static assertion failed: fifty minus fifty must be 0.
  Constraint violation (CV-SSA2).
   see C11 section 6.7.10:2 http://rvdoc.org/C11/6.7.10
   see CERT-C section MSC40-C http://rvdoc.org/CERT-C/MSC40-C
Translation failed (config dumped). Run kcc -d static-assert.c to see commands run.
