too-many-initializers.c:9:18: error: Attempting to initialize nonexistent member.

    Constraint violation (CV-CDI4):
        see C11 section 6.7.9:2 http://rvdoc.org/C11/6.7.9
        see CERT-C section MSC40-C http://rvdoc.org/CERT-C/MSC40-C
        see MISRA-C section 8.1:1 http://rvdoc.org/MISRA-C/8.1

Translation failed (kcc_config dumped). To repeat, run this command in directory unit-fail-compilation:
