Function exited without calling 'va_end' after 'va_start' or 'va_copy':
      > in foo at 20000519-1.c:22:3
        in main at 20000519-1.c:27:3

    Undefined behavior (UB-STDARG9):
        see C11 section 7.16.1:1 http://rvdoc.org/C11/7.16.1
        see C11 section J.2:1 item 139 http://rvdoc.org/C11/J.2
        see CERT-C section DCL10-C http://rvdoc.org/CERT-C/DCL10-C

Execution failed (configuration dumped)
