Casting a pointer to an integer:
      > in g at compcertTSO-2.c:8:3
        in main at compcertTSO-2.c:10:18

    Implementation defined behavior (IMPL-CCVE4):
        see C11 section 6.3.2.3:6 http://rvdoc.org/C11/6.3.2.3
        see MISRA-C section 8.11:4 http://rvdoc.org/MISRA-C/8.11

Casting a pointer to an integer:
      > in f at compcertTSO-2.c:5:3
        in main at compcertTSO-2.c:11:18

    Implementation defined behavior (IMPL-CCVE4):
        see C11 section 6.3.2.3:6 http://rvdoc.org/C11/6.3.2.3
        see MISRA-C section 8.11:4 http://rvdoc.org/MISRA-C/8.11

