 A pointer (or array subscript) outside the bounds of an object.
   at ::call4(deep-tail-call-1.C:7:55)
   by ::call3(deep-tail-call-1.C:8:47)
   by ::call2(deep-tail-call-1.C:9:47)
   by ::call1(deep-tail-call-1.C:10:47)
   by ::main(deep-tail-call-1.C:13:3)
  Undiagnosable Rule violation (URV-CEA1). See C++14 sec. 5.7:4
Execution failed (configuration dumped)
