Referring to an object outside of its lifetime:
      > in main at j009d.c:9:11

    Undefined behavior (UB-CEE4):
        see C11 section 6.2.4:2 http://rvdoc.org/C11/6.2.4
        see C11 section J.2:1 item 9 http://rvdoc.org/C11/J.2
        see CERT-C section DCL21-C http://rvdoc.org/CERT-C/DCL21-C
        see CERT-C section DCL30-C http://rvdoc.org/CERT-C/DCL30-C
        see CERT-C section MEM30-C http://rvdoc.org/CERT-C/MEM30-C
        see MISRA-C section 8.18:6 http://rvdoc.org/MISRA-C/8.18
        see MISRA-C section 8.22:6 http://rvdoc.org/MISRA-C/8.22
        see MISRA-C section 8.1:3 http://rvdoc.org/MISRA-C/8.1

Dereferencing a null pointer:
      > in main at j009d.c:10:10

    Undefined behavior (UB-CER3):
        see C11 section 6.5.3.2:4 http://rvdoc.org/C11/6.5.3.2
        see C11 section J.2:1 item 43 http://rvdoc.org/C11/J.2
        see CERT-C section EXP34-C http://rvdoc.org/CERT-C/EXP34-C
        see MISRA-C section 8.1:3 http://rvdoc.org/MISRA-C/8.1

Trying to read through a null pointer:
      > in main at j009d.c:10:10

    Undefined behavior (UB-CEER1):
        see C11 section 6.3.2.1:1 http://rvdoc.org/C11/6.3.2.1
        see C11 section J.2:1 item 19 http://rvdoc.org/C11/J.2
        see CERT-C section ERR33-C http://rvdoc.org/CERT-C/ERR33-C
        see CERT-C section EXP34-C http://rvdoc.org/CERT-C/EXP34-C
        see MISRA-C section 8.1:3 http://rvdoc.org/MISRA-C/8.1

