
=============================================================
ERROR! KCC encountered an error while executing this program.
=============================================================
Error: FC1
Description: attempt to call the function f through a pointer with incompatible type.
Type: Undefined behavior.
See also: C11 sec. 6.5.2.2:9
=============================================================
File: j015d-link1.c
Function: main
Line: 4
=============================================================
