
=============================================================
ERROR! KCC encountered an error while executing this program.
=============================================================
Error: EIO8
Description: unsequenced side effect on scalar object with value computation of same object.
Type: Undefined behavior.
See also: C11 sec. 6.5
=============================================================
File: j035d.c
Function: main
Line: 3
=============================================================
