
=============================================================
ERROR! KCC encountered an error while executing this program.
=============================================================
Error: CEAS1
Description: incompatible types in assignment or function call arguments.
Type: Constraint violation.
See also: C11 sec. 6.5.16.1:1
=============================================================
File: j038b.c
Function: main
Line: 4
=============================================================
