 Conversion from pointer to floating point type or from floating point type to pointer.
   at main(j044a.c:4:7)
  Constraint violation (CV-CCV9).
   see C11 section 6.5.4:4 http://rvdoc.org/C11/6.5.4
   see CERT-C section MSC40-C http://rvdoc.org/CERT-C/MSC40-C
Execution failed (configuration dumped)
