
=============================================================
ERROR! KCC encountered an error while executing this program.
=============================================================
Error: CEM1
Description: Division by 0.
Type: Undefined behavior.
See also: C11 sec. 6.5.5:5
=============================================================
File: j045e.c
Function: main
Line: 4
=============================================================
