
=============================================================
ERROR! KCC encountered an error while executing this program.
=============================================================
Error: ECL2
Description: Found pointer that refers outside the bounds of an object + 1.
Type: Undefined behavior.
See also: C11 sec. 6.2.4
=============================================================
File: j046c.c
Function: main
Line: 3
=============================================================
