
=============================================================
ERROR! KCC encountered an error while executing this program.
=============================================================
Error: CID2
Description: No definition found for identifier f.
Type: Undefined behavior.
See also: C11 sec. 6.3.2.1:1
=============================================================
File: j060c.c
Function: main
Line: 3
=============================================================
