
=============================================================
ERROR! KCC encountered an error while executing this program.
=============================================================
Error: EEA5
Description: passing a pointer to an array object of fewer elements than required by a function parameter with a static-qualified array size.
Type: Undefined behavior.
See also: C11 sec. 6.7.6.3:7
=============================================================
File: j077a.c
Function: f
Line: 7
=============================================================
