Comparison of unspecified value:
      > in main at zero-pointer.c:29:13

    Unspecified value or behavior (USP-CERL7):
        see C11 section 6.5.9 http://rvdoc.org/C11/6.5.9
        see MISRA-C section 8.1:3 http://rvdoc.org/MISRA-C/8.1

Comparison of unspecified value:
      > in main at zero-pointer.c:29:9

    Unspecified value or behavior (USP-CERL7):
        see C11 section 6.5.9 http://rvdoc.org/C11/6.5.9
        see MISRA-C section 8.1:3 http://rvdoc.org/MISRA-C/8.1

